\BOOKMARK [1][-]{section.1}{\376\377\000I\000n\000t\000r\000o\000d\000u\000c\000t\000i\000o\000n}{}% 1
\BOOKMARK [1][-]{section.2}{\376\377\000P\000i\000p\000e\000l\000i\000n\000e\000\040\000o\000v\000e\000r\000v\000i\000e\000w}{}% 2
\BOOKMARK [1][-]{section.3}{\376\377\000T\000h\000e\000o\000r\000e\000t\000i\000c\000a\000l\000\040\000l\000i\000n\000e\000a\000g\000e\000\040\000a\000n\000d\000\040\000c\000o\000m\000p\000u\000t\000a\000t\000i\000o\000n\000a\000l\000\040\000c\000o\000u\000n\000t\000e\000r\000p\000a\000r\000t\000s}{}% 3
\BOOKMARK [1][-]{section.4}{\376\377\000W\000h\000a\000t\000\040\000i\000s\000\040\000n\000o\000v\000e\000l\000,\000\040\000w\000h\000a\000t\000\040\000i\000s\000\040\000b\000o\000r\000r\000o\000w\000e\000d}{}% 4
\BOOKMARK [1][-]{section.5}{\376\377\000R\000a\000t\000i\000o\000n\000a\000l\000e\000\040\000f\000o\000r\000\040\000t\000h\000e\000\040\000d\000e\000s\000i\000g\000n\000\040\000c\000h\000o\000i\000c\000e\000s}{}% 5
\BOOKMARK [1][-]{section.6}{\376\377\000W\000h\000y\000\040\000t\000h\000i\000s\000\040\000m\000i\000g\000h\000t\000\040\000m\000a\000t\000t\000e\000r\000\040\000b\000e\000y\000o\000n\000d\000\040\000f\000i\000c\000t\000i\000o\000n}{}% 6
\BOOKMARK [1][-]{section.7}{\376\377\000L\000i\000m\000i\000t\000a\000t\000i\000o\000n\000s\000\040\000a\000n\000d\000\040\000f\000u\000t\000u\000r\000e\000\040\000e\000v\000a\000l\000u\000a\000t\000i\000o\000n}{}% 7
\BOOKMARK [1][-]{section.A}{\376\377\000D\000e\000f\000i\000n\000i\000t\000i\000o\000n\000s\000\040\000a\000n\000d\000\040\000e\000q\000u\000a\000t\000i\000o\000n\000s}{}% 8
\BOOKMARK [2][-]{subsection.A.1}{\376\377\000W\000o\000r\000l\000d\000\040\000m\000o\000d\000e\000l\000\040\000s\000c\000h\000e\000m\000a\000\040\000\050\000W\000o\000r\000l\000d\000S\000t\000a\000t\000e\000V\0001\000\051}{section.A}% 9
\BOOKMARK [2][-]{subsection.A.2}{\376\377\000I\000n\000g\000e\000s\000t\000i\000o\000n}{section.A}% 10
\BOOKMARK [2][-]{subsection.A.3}{\376\377\000E\000g\000o\000-\000g\000r\000a\000p\000h\000\040\000s\000l\000i\000c\000i\000n\000g\000\040\000a\000n\000d\000\040\000A\000M\000W\000N\000\040\000s\000a\000n\000d\000b\000o\000x}{section.A}% 11
\BOOKMARK [2][-]{subsection.A.4}{\376\377\000C\000a\000u\000s\000a\000l\000\040\000p\000h\000y\000s\000i\000c\000s}{section.A}% 12
\BOOKMARK [2][-]{subsection.A.5}{\376\377\000N\000a\000r\000r\000a\000t\000i\000v\000e\000\040\000p\000h\000y\000s\000i\000c\000s\000\040\000\050\000a\000f\000f\000e\000c\000t\000i\000v\000e\000\040\000c\000a\000l\000c\000u\000l\000u\000s\000\051}{section.A}% 13
\BOOKMARK [2][-]{subsection.A.6}{\376\377\000G\000e\000n\000e\000r\000a\000t\000i\000o\000n}{section.A}% 14
\BOOKMARK [2][-]{subsection.A.7}{\376\377\000A\000u\000d\000i\000t\000\040\000a\000n\000d\000\040\000f\000e\000e\000d\000b\000a\000c\000k\000\040\000l\000o\000o\000p}{section.A}% 15
\BOOKMARK [1][-]{section.B}{\376\377\000W\000o\000r\000k\000e\000d\000\040\000e\000x\000a\000m\000p\000l\000e\000s\000\040\000o\000n\000\040\000r\000e\000a\000l\000\040\000p\000l\000o\000t\000\040\000f\000i\000x\000t\000u\000r\000e\000s}{}% 16
\BOOKMARK [2][-]{subsection.B.1}{\376\377\000W\000o\000r\000l\000d\000\040\000m\000o\000d\000e\000l\000\040\040\024\000\040\000M\000a\000c\000b\000e\000t\000h}{section.B}% 17
\BOOKMARK [2][-]{subsection.B.2}{\376\377\000A\000M\000W\000N\000\040\000s\000a\000n\000d\000b\000o\000x\000\040\040\024\000\040\000M\000a\000c\000b\000e\000t\000h\000\040\000`\000`\000w\000h\000a\000t\000\040\000i\000f\000\040\000M\000a\000c\000b\000e\000t\000h\000\040\000r\000e\000f\000u\000s\000e\000s\000?\000'\000'}{section.B}% 18
\BOOKMARK [2][-]{subsection.B.3}{\376\377\000C\000a\000u\000s\000a\000l\000\040\000p\000h\000y\000s\000i\000c\000s\000\040\040\024\000\040\000M\000a\000c\000b\000e\000t\000h\000\040\000p\000r\000o\000p\000a\000g\000a\000t\000i\000o\000n\000\040\000u\000n\000d\000e\000r\000\040\000`\000`\000I\000m\000p\000a\000c\000t\000\040\000>\000\040\000I\000n\000e\000r\000t\000i\000a\000'\000'}{section.B}% 19
\BOOKMARK [2][-]{subsection.B.4}{\376\377\000N\000a\000r\000r\000a\000t\000i\000v\000e\000\040\000p\000h\000y\000s\000i\000c\000s\000\040\040\024\000\040\000D\000e\000a\000t\000h\000\040\000o\000n\000\040\000t\000h\000e\000\040\000N\000i\000l\000e\000,\000\040\000R\000e\000s\000e\000r\000v\000o\000i\000r\000\040\000D\000o\000g\000s\000,\000\040\000R\000o\000m\000e\000o\000\040\000a\000n\000d\000\040\000J\000u\000l\000i\000e\000t\000,\000\040\000M\000a\000c\000b\000e\000t\000h}{section.B}% 20
\BOOKMARK [2][-]{subsection.B.5}{\376\377\000D\000i\000r\000e\000c\000t\000i\000v\000e\000\040\000a\000s\000s\000e\000m\000b\000l\000y\000\040\040\024\000\040\000R\000o\000m\000e\000o\000\040\000a\000n\000d\000\040\000J\000u\000l\000i\000e\000t}{section.B}% 21
\BOOKMARK [2][-]{subsection.B.6}{\376\377\000G\000e\000n\000e\000r\000a\000t\000i\000o\000n\000\040\040\024\000\040\000t\000h\000e\000\040\000b\000r\000i\000e\000f\000\040\000a\000s\000\040\000s\000a\000f\000e\000t\000y\000\040\000e\000n\000v\000e\000l\000o\000p\000e}{section.B}% 22
\BOOKMARK [2][-]{subsection.B.7}{\376\377\000A\000u\000d\000i\000t\000\040\000a\000n\000d\000\040\000f\000e\000e\000d\000b\000a\000c\000k\000\040\000l\000o\000o\000p\000\040\040\024\000\040\000G\000o\000n\000e\000\040\000G\000i\000r\000l}{section.B}% 23
\BOOKMARK [1][-]{section.C}{\376\377\000E\000n\000d\000-\000t\000o\000-\000e\000n\000d\000\040\000w\000a\000l\000k\000t\000h\000r\000o\000u\000g\000h\000\040\000o\000n\000\040\000M\000a\000c\000b\000e\000t\000h}{}% 24
\BOOKMARK [2][-]{subsection.C.1}{\376\377\000S\000t\000e\000p\000\040\0000\000:\000\040\000t\000h\000e\000\040\000s\000o\000u\000r\000c\000e\000\040\000t\000e\000x\000t\000\040\000a\000n\000d\000\040\000t\000h\000e\000\040\000u\000s\000e\000r\000'\000s\000\040\000q\000u\000e\000r\000y}{section.C}% 25
\BOOKMARK [2][-]{subsection.C.2}{\376\377\000S\000t\000e\000p\000\040\0001\000:\000\040\000i\000n\000g\000e\000s\000t\000i\000o\000n\000\040\000i\000n\000\040\000d\000e\000t\000a\000i\000l}{section.C}% 26
\BOOKMARK [2][-]{subsection.C.3}{\376\377\000S\000t\000e\000p\000\040\0002\000:\000\040\000q\000u\000e\000r\000y\000\040\000r\000o\000u\000t\000i\000n\000g\000\040\000a\000n\000d\000\040\000e\000g\000o\000-\000g\000r\000a\000p\000h\000\040\000s\000l\000i\000c\000i\000n\000g}{section.C}% 27
\BOOKMARK [2][-]{subsection.C.4}{\376\377\000S\000t\000e\000p\000\040\0003\000:\000\040\000A\000M\000W\000N\000\040\000s\000a\000n\000d\000b\000o\000x\000\040\000a\000n\000d\000\040\000t\000h\000e\000\040\000d\000o\000-\000o\000p\000e\000r\000a\000t\000o\000r}{section.C}% 28
\BOOKMARK [2][-]{subsection.C.5}{\376\377\000S\000t\000e\000p\000\040\0004\000:\000\040\000c\000a\000u\000s\000a\000l\000\040\000p\000h\000y\000s\000i\000c\000s\000\040\000p\000r\000o\000p\000a\000g\000a\000t\000i\000o\000n}{section.C}% 29
\BOOKMARK [2][-]{subsection.C.6}{\376\377\000S\000t\000e\000p\000\040\0005\000:\000\040\000n\000a\000r\000r\000a\000t\000i\000v\000e\000-\000p\000h\000y\000s\000i\000c\000s\000\040\000s\000c\000o\000r\000i\000n\000g}{section.C}% 30
\BOOKMARK [2][-]{subsection.C.7}{\376\377\000S\000t\000e\000p\000\040\0006\000:\000\040\000d\000i\000r\000e\000c\000t\000i\000v\000e\000\040\000a\000s\000s\000e\000m\000b\000l\000y\000\040\000a\000n\000d\000\040\000t\000h\000e\000\040\000b\000r\000i\000e\000f}{section.C}% 31
\BOOKMARK [2][-]{subsection.C.8}{\376\377\000S\000t\000e\000p\000\040\0007\000:\000\040\000c\000o\000n\000s\000t\000r\000a\000i\000n\000e\000d\000\040\000r\000e\000n\000d\000e\000r\000i\000n\000g}{section.C}% 32
\BOOKMARK [2][-]{subsection.C.9}{\376\377\000S\000t\000e\000p\000\040\0008\000:\000\040\000a\000u\000d\000i\000t\000,\000\040\000r\000e\000-\000e\000x\000t\000r\000a\000c\000t\000i\000o\000n\000,\000\040\000a\000n\000d\000\040\000m\000e\000r\000g\000e}{section.C}% 33
\BOOKMARK [2][-]{subsection.C.10}{\376\377\000W\000h\000a\000t\000\040\000t\000h\000i\000s\000\040\000w\000a\000l\000k\000t\000h\000r\000o\000u\000g\000h\000\040\000d\000e\000m\000o\000n\000s\000t\000r\000a\000t\000e\000s}{section.C}% 34
\BOOKMARK [1][-]{section.D}{\376\377\000T\000h\000e\000\040\000a\000u\000t\000h\000o\000r\000i\000n\000g\000\040\000u\000s\000e\000r\000\040\000i\000n\000t\000e\000r\000f\000a\000c\000e}{}% 35
\BOOKMARK [2][-]{subsection.D.1}{\376\377\000V\000e\000r\000s\000i\000o\000n\000\040\000s\000i\000d\000e\000b\000a\000r}{section.D}% 36
\BOOKMARK [2][-]{subsection.D.2}{\376\377\000S\000t\000o\000r\000y\000\040\000t\000a\000b}{section.D}% 37
\BOOKMARK [2][-]{subsection.D.3}{\376\377\000E\000x\000p\000l\000o\000r\000e\000r\000\040\000t\000a\000b}{section.D}% 38
\BOOKMARK [2][-]{subsection.D.4}{\376\377\000W\000o\000r\000l\000d\000\040\000t\000a\000b}{section.D}% 39
\BOOKMARK [2][-]{subsection.D.5}{\376\377\000C\000a\000u\000s\000a\000l\000i\000t\000y\000\040\000t\000a\000b}{section.D}% 40
\BOOKMARK [2][-]{subsection.D.6}{\376\377\000R\000e\000a\000s\000o\000n\000i\000n\000g\000\040\000t\000a\000b}{section.D}% 41
\BOOKMARK [2][-]{subsection.D.7}{\376\377\000A\000u\000d\000i\000t\000\040\000t\000a\000b}{section.D}% 42
\BOOKMARK [2][-]{subsection.D.8}{\376\377\000E\000d\000i\000t\000o\000r\000\040\000t\000a\000b}{section.D}% 43
\BOOKMARK [2][-]{subsection.D.9}{\376\377\000E\000x\000p\000o\000r\000t\000\040\000t\000a\000b}{section.D}% 44
\BOOKMARK [2][-]{subsection.D.10}{\376\377\000P\000e\000r\000f\000o\000r\000m\000a\000n\000c\000e\000\040\000d\000i\000s\000c\000i\000p\000l\000i\000n\000e}{section.D}% 45
\BOOKMARK [2][-]{subsection.D.11}{\376\377\000C\000r\000o\000s\000s\000-\000t\000a\000b\000\040\000e\000v\000e\000n\000t\000\040\000b\000u\000s}{section.D}% 46
\BOOKMARK [2][-]{subsection.D.12}{\376\377\000W\000h\000y\000\040\000a\000\040\000U\000I\000\040\000m\000a\000t\000t\000e\000r\000s\000\040\000f\000o\000r\000\040\000a\000\040\000r\000e\000s\000e\000a\000r\000c\000h\000\040\000a\000r\000t\000e\000f\000a\000c\000t}{section.D}% 47
